
> react-kavia@0.1.0 start
> react-scripts start

Attempting to bind to HOST environment variable: 0.0.0.0
If this was unintentional, check that you haven't mistakenly set it in your shell.
Learn more here: https://cra.link/advanced-config

(node:861) [DEP_WEBPACK_DEV_SERVER_ON_AFTER_SETUP_MIDDLEWARE] DeprecationWarning: 'onAfterSetupMiddleware' option is deprecated. Please use the 'setupMiddlewares' option.
(Use `node --trace-deprecation ...` to show where the warning was created)
(node:861) [DEP_WEBPACK_DEV_SERVER_ON_BEFORE_SETUP_MIDDLEWARE] DeprecationWarning: 'onBeforeSetupMiddleware' option is deprecated. Please use the 'setupMiddlewares' option.
Starting the development server...

Compiled with warnings.

[eslint] 
src/components/NoteSearchInput.js
  Line 34:65:   Unnecessary escape character: \'  no-useless-escape
  Line 34:71:   Unnecessary escape character: \'  no-useless-escape
  Line 34:81:   Unnecessary escape character: \'  no-useless-escape
  Line 34:92:   Unnecessary escape character: \'  no-useless-escape
  Line 34:108:  Unnecessary escape character: \'  no-useless-escape
  Line 34:111:  Unnecessary escape character: \'  no-useless-escape
  Line 34:122:  Unnecessary escape character: \'  no-useless-escape
  Line 34:133:  Unnecessary escape character: \'  no-useless-escape
  Line 34:142:  Unnecessary escape character: \'  no-useless-escape
  Line 34:170:  Unnecessary escape character: \'  no-useless-escape
  Line 34:188:  Unnecessary escape character: \'  no-useless-escape
  Line 34:192:  Unnecessary escape character: \'  no-useless-escape
  Line 34:198:  Unnecessary escape character: \'  no-useless-escape
  Line 34:202:  Unnecessary escape character: \'  no-useless-escape
  Line 34:207:  Unnecessary escape character: \'  no-useless-escape
  Line 34:210:  Unnecessary escape character: \'  no-useless-escape
  Line 34:226:  Unnecessary escape character: \'  no-useless-escape
  Line 34:245:  Unnecessary escape character: \'  no-useless-escape

Search for the keywords to learn more about each warning.
To ignore, add // eslint-disable-next-line to the line before.

WARNING in [eslint] 
src/components/NoteSearchInput.js
  Line 34:65:   Unnecessary escape character: \'  no-useless-escape
  Line 34:71:   Unnecessary escape character: \'  no-useless-escape
  Line 34:81:   Unnecessary escape character: \'  no-useless-escape
  Line 34:92:   Unnecessary escape character: \'  no-useless-escape
  Line 34:108:  Unnecessary escape character: \'  no-useless-escape
  Line 34:111:  Unnecessary escape character: \'  no-useless-escape
  Line 34:122:  Unnecessary escape character: \'  no-useless-escape
  Line 34:133:  Unnecessary escape character: \'  no-useless-escape
  Line 34:142:  Unnecessary escape character: \'  no-useless-escape
  Line 34:170:  Unnecessary escape character: \'  no-useless-escape
  Line 34:188:  Unnecessary escape character: \'  no-useless-escape
  Line 34:192:  Unnecessary escape character: \'  no-useless-escape
  Line 34:198:  Unnecessary escape character: \'  no-useless-escape
  Line 34:202:  Unnecessary escape character: \'  no-useless-escape
  Line 34:207:  Unnecessary escape character: \'  no-useless-escape
  Line 34:210:  Unnecessary escape character: \'  no-useless-escape
  Line 34:226:  Unnecessary escape character: \'  no-useless-escape
  Line 34:245:  Unnecessary escape character: \'  no-useless-escape

webpack compiled with 1 warning
